[
    {
        "url": "s3://payloads/test-payload_out.json"
    }
]
