[
    {
        "id": "some-collection/some-workflow/an-item-id1"
    },
    {
        "id": "some-collection/some-workflow/an-item-id2"
    }
]
